  permutation 1/12 done
  permutation 2/12 done
  permutation 3/12 done
  permutation 4/12 done
  permutation 5/12 done
  permutation 6/12 done
  permutation 7/12 done
  permutation 8/12 done
  permutation 9/12 done
  permutation 10/12 done
  permutation 11/12 done
  permutation 12/12 done

(1) permutation variance of the pooled loss at the true future position
   split  h[s]  n perms     min   median     max  max/min
     seq  0.74       48   0.046    0.087   0.125      2.7x
     seq  1.47       48   0.044    0.080   0.124      2.8x
     seq  2.94       48   0.041    0.081   0.134      3.3x
 spatial  0.74       48   0.099    0.248   1.501     15.1x
 spatial  1.47       48   0.061    0.266   1.560     25.6x
 spatial  2.94       47   0.061    0.194   1.449     23.8x

(2) loss against distance to the nearest surveyed frame
  dist band [m]  n cells |    h=0.74    h=1.47    h=2.94 |       seq   spatial
          <0.25      206 |     0.063     0.062     0.062 |     0.076     0.031
       0.25-0.5      165 |     0.086     0.088     0.086 |     0.104     0.064
          0.5-1      135 |     0.123     0.117     0.118 |     0.171     0.096
            1-2      125 |     0.196     0.216     0.214 |     0.176     0.208
            2-4      111 |     0.488     0.488     0.356 |        --     0.454
            4-8       61 |     1.092     1.079     1.119 |        --     1.091
           8-16       20 |     1.109     1.064     1.952 |        --     1.131

if the columns agree within a band, distance -- not the split label -- is the variable
saved -> results/sitemap_vs_distance.json
